
> stratexa-iapriori@8.7.2 test
> jest components/DataEditor.test.tsx

  console.log
    ­ƒÄ» [SCROLL] Navegando a week-card-11

      at components/DataEditor.tsx:243:17

  console.log
    ­ƒÄ» [SCROLL] Navegando a week-card-11

      at components/DataEditor.tsx:243:17

npm : FAIL components/DataEditor.test.tsx (5.133 s)
En línea: 1 Carácter: 1
+ npm test components/DataEditor.test.tsx > test_output.txt 2>&1
+ ~~~~~~~~~~~~~~~~~~~~~~~~~~~~~~~~~~~~~~~~~~~~~~~~~~~~~~~~~~~~~~
    + CategoryInfo          : NotSpecified: (FAIL components...t.tsx (5.133 s):String) [] 
   , RemoteException
    + FullyQualifiedErrorId : NativeCommandError
 
  DataEditor Component
    ├ù debe renderizar el editor semanal (579 ms)
    ├ù debe ejecutar el scroll autom├ítico con delay (1247 ms)
    ÔêÜ debe llamar a onSave con la estructura nuclear de datos (796 ms)

  ÔùÅ DataEditor Component ÔÇ║ debe renderizar el editor semanal

    TestingLibraryElementError: Unable to find an element with the text: /Vista Anual - 
2026/i. This could be because the text is broken up by multiple elements. In this case, 
you can provide a function for your text matcher to make your matcher more flexible.

    Ignored nodes: comments, script, style
    [36m<body>[39m
      [36m<div>[39m
        [36m<div[39m
          [33mclass[39m=[32m"bg-slate-900/40 border border-white/10 rounded-xl 
p-4"[39m
        [36m>[39m
          [36m<div[39m
            [33mclass[39m=[32m"flex items-center justify-between mb-3"[39m
          [36m>[39m
            [36m<div[39m
              [33mclass[39m=[32m"text-white font-extrabold flex items-center 
gap-2"[39m
            [36m>[39m
              [36m<span>[39m
                [0mCapturar Datos y Notas[0m
              [36m</span>[39m
              [36m<span[39m
                [33mclass[39m=[32m"text-[10px] font-black text-slate-500 uppercase 
tracking-widest bg-white/5 px-2 py-0.5 rounded border border-white/5"[39m
              [36m>[39m
                [0mA├▒o [0m
                [0m2026[0m
              [36m</span>[39m
              [36m<button[39m
                [33mclass[39m=[32m"ml-2 px-3 py-1.5 rounded-full text-[10px] 
font-black uppercase tracking-widest transition-all bg-slate-800 text-slate-400 border 
border-white/5 hover:bg-slate-700 hover:text-white"[39m
              [36m>[39m
                [0mMODO: [0m
                [0mMANUAL[0m
              [36m</button>[39m
            [36m</div>[39m
            [36m<div[39m
              [33mclass[39m=[32m"flex gap-2"[39m
            [36m>[39m
              [36m<button[39m
                [33mclass[39m=[32m"px-3 py-2 rounded-lg bg-slate-700 
hover:bg-slate-600 font-bold"[39m
              [36m>[39m
                [0mCancelar[0m
              [36m</button>[39m
              [36m<button[39m
                [33maria-label[39m=[32m"Confirmar y subir datos permanentemente"[39m
                [33mclass[39m=[32m"px-5 py-2.5 rounded-xl bg-emerald-600 
hover:bg-emerald-500 text-white font-extrabold disabled:opacity-50 
disabled:cursor-not-allowed flex items-center gap-2 uppercase tracking-widest text-[11px] 
transition-all hover:scale-105 active:scale-95"[39m
              [36m>[39m
                [36m<span[39m
                  [33maria-hidden[39m=[32m"true"[39m
                [36m>[39m
                  [0m­ƒÆ¥[0m
                [36m</span>[39m
                [0mGUARDAR CAMBIOS[0m
              [36m</button>[39m
            [36m</div>[39m
          [36m</div>[39m
          [36m<div[39m
            [33mclass[39m=[32m"grid grid-cols-1 md:grid-cols-2 lg:grid-cols-3 
gap-4"[39m
          [36m>[39m
            [36m<div[39m
              [33mclass[39m=[32m"glass-card rounded-xl p-3 border relative 
overflow-hidden group/w transition-all duration-500 flex flex-col border-white/5 
bg-slate-900/40"[39m
              [33mid[39m=[32m"week-card-0"[39m
            [36m>[39m
              [36m<div[39m
                [33mclass[39m=[32m"flex justify-between items-start mb-2"[39m
              [36m>[39m
                [36m<span[39m
                  [33mclass[39m=[32m"text-[8px] font-black uppercase tracking-widest 
text-slate-500"[39m
                [36m>[39m
                  [0mSEM [0m
                  [0m1[0m
                [36m</span>[39m
                [36m<span[39m
                  [33mclass[39m=[32m"text-[7px] font-bold tabular-nums uppercase 
text-cyan-500/60"[39m
                [36m>[39m
                  [0m29 dic - 04 ene[0m
                [36m</span>[39m
              [36m</div>[39m
              [36m<div[39m
                [33mclass[39m=[32m"grid grid-cols-2 gap-2 mb-3"[39m
              [36m>[39m
                [36m<div[39m
                  [33mclass[39m=[32m"space-y-1"[39m
                [36m>[39m
                  [36m<label[39m
                    [33mclass[39m=[32m"block text-[7px] font-black text-cyan-500/40 
uppercase"[39m
                    [33mfor[39m=[32m"w-goal-0"[39m
                  [36m>[39m
                    [0mMeta[0m
                  [36m</label>[39m
                  [36m<input[39m
                    [33maria-label[39m=[32m"Meta para la semana 1"[39m
                    [33mclass[39m=[32m"w-full bg-slate-950/50 border border-white/5 
rounded-lg p-1.5 text-white text-[10px] font-black text-center focus:ring-1 
focus:ring-cyan-500/50 outline-none transition-all tabular-nums false"[39m
                    [33mid[39m=[32m"w-goal-0"[39m
                    [33minputmode[39m=[32m"decimal"[39m
                    [33mplaceholder[39m=[32m"0"[39m
                    [33mtype[39m=[32m"text"[39m
                    [33mvalue[39m=[32m"0"[39m
                  [36m/>[39m
                [36m</div>[39m
                [36m<div[39m
                  [33mclass[39m=[32m"space-y-1"[39m
                [36m>[39m
                  [36m<label[39m
                    [33mclass[39m=[32m"block text-[7px] font-black text-emerald-500/40 
uppercase"[39m
                    [33mfor[39m=[32m"w-actual-0"[39m
                  [36m>[39m
                    [0mReal[0m
                  [36m</label>[39m
                  [36m<input[39m
                    [33maria-label[39m=[32m"Realizado para la semana 1"[39m
                    [33mclass[39m=[32m"w-full bg-slate-950/50 border border-white/5 
rounded-lg p-1.5 text-white text-[10px] font-black text-center focus:ring-1 
focus:ring-emerald-500/50 outline-none transition-all tabular-nums false"[39m
                    [33mid[39m=[32m"w-actual-0"[39m
                    [33minputmode[39m=[32m"decimal"[39m
                    [33mplaceholder[39m=[32m"0"[39m
                    [33mtype[39m=[32m"text"[39m
                    [33mvalue[39m=[32m"0"[39m
                  [36m/>[39m
                [36m</div>[39m
              [36m</div>[39m
              [36m<div[39m
                [33mclass[39m=[32m"mt-auto pt-2 border-t border-white/5"[39m
              [36m>[39m
                [36m<textarea[39m
                  [33maria-label[39m=[32m"An├ílisis o nota para la semana 1"[39m
                  [33mclass[39m=[32m"w-full bg-slate-950/30 border border-white/5 
rounded-lg p-1.5 text-slate-400 text-[10px] min-h-[40px] focus:ring-1 
focus:ring-slate-500 outline-none transition-all resize-none italic"[39m
                  [33mplaceholder[39m=[32m"An├ílisis semanal..."[39m
                [36m/>[39m
              [36m</div>[39m
            [36m</div>[39m
            [36m<div[39m
              [33mclass[39m=[32m"glass-card rounded-xl p-3 border relative 
overflow-hidden group/w transition-all duration-500 flex flex-col border-white/5 
bg-slate-900/40"[39m
              [33mid[39m=[32m"week-card-1"[39m
            [36m>[39m
              [36m<div[39m
                [33mclass[39m=[32m"flex justify-between items-start mb-2"[39m
              [36m>[39m
                [36m<span[39m
                  [33mclass[39m=[32m"text-[8px] font-black uppercase tracking-widest 
text-slate-500"[39m
                [36m>[39m
                  [0mSEM [0m
                  [0m2[0m
                [36m</span>[39m
                [36m<span[39m
                  [33mclass[39m=[32m"text-[7px] font-bold tabular-nums uppercase 
text-cyan-500/60"[39m
                [36m>[39m
                  [0m05 ene - 11 ene[0m
                [36m</span>[39m
              [36m</div>[39m
              [36m<div[39m
                [33mclass[39m=[32m"grid grid-cols-2 gap-2 mb-3"[39m
              [36m>[39m
                [36m<div[39m
                  ...

    [0m [90m 39 |[39m     )[33m;[39m
     [90m 40 |[39m
    [31m[1m>[22m[39m[90m 41 |[39m     expect(screen[33m.[39mgetByText([35m/Vista 
Anual - 2026/i[39m))[33m.[39mtoBeInTheDocument()[33m;[39m
     [90m    |[39m                   [31m[1m^[22m[39m
     [90m 42 |[39m   })[33m;[39m
     [90m 43 |[39m
     [90m 44 |[39m   test([32m'debe ejecutar el scroll autom├ítico con 
delay'[39m[33m,[39m [36masync[39m () [33m=>[39m {[0m

      at Object.getElementError (node_modules/@testing-library/dom/dist/config.js:37:19)
      at node_modules/@testing-library/dom/dist/query-helpers.js:76:38
      at node_modules/@testing-library/dom/dist/query-helpers.js:52:17
      at node_modules/@testing-library/dom/dist/query-helpers.js:95:19
      at Object.<anonymous> (components/DataEditor.test.tsx:41:19)

  ÔùÅ DataEditor Component ÔÇ║ debe ejecutar el scroll autom├ítico con delay

    Unable to find an element with the text: /W10/i. This could be because the text is 
broken up by multiple elements. In this case, you can provide a function for your text 
matcher to make your matcher more flexible.

    Ignored nodes: comments, script, style
    [36m<body>[39m
      [36m<div>[39m
        [36m<div[39m
          [33mclass[39m=[32m"bg-slate-900/40 border border-white/10 rounded-xl 
p-4"[39m
        [36m>[39m
          [36m<div[39m
            [33mclass[39m=[32m"flex items-center justify-between mb-3"[39m
          [36m>[39m
            [36m<div[39m
              [33mclass[39m=[32m"text-white font-extrabold flex items-center 
gap-2"[39m
            [36m>[39m
              [36m<span>[39m
                [0mCapturar Datos y Notas[0m
              [36m</span>[39m
              [36m<span[39m
                [33mclass[39m=[32m"text-[10px] font-black text-slate-500 uppercase 
tracking-widest bg-white/5 px-2 py-0.5 rounded border border-white/5"[39m
              [36m>[39m
                [0mA├▒o [0m
                [0m2026[0m
              [36m</span>[39m
              [36m<button[39m
                [33mclass[39m=[32m"ml-2 px-3 py-1.5 rounded-full text-[10px] 
font-black uppercase tracking-widest transition-all bg-slate-800 text-slate-400 border 
border-white/5 hover:bg-slate-700 hover:text-white"[39m
              [36m>[39m
                [0mMODO: [0m
                [0mMANUAL[0m
              [36m</button>[39m
            [36m</div>[39m
            [36m<div[39m
              [33mclass[39m=[32m"flex gap-2"[39m
            [36m>[39m
              [36m<button[39m
                [33mclass[39m=[32m"px-3 py-2 rounded-lg bg-slate-700 
hover:bg-slate-600 font-bold"[39m
              [36m>[39m
                [0mCancelar[0m
              [36m</button>[39m
              [36m<button[39m
                [33maria-label[39m=[32m"Confirmar y subir datos permanentemente"[39m
                [33mclass[39m=[32m"px-5 py-2.5 rounded-xl bg-emerald-600 
hover:bg-emerald-500 text-white font-extrabold disabled:opacity-50 
disabled:cursor-not-allowed flex items-center gap-2 uppercase tracking-widest text-[11px] 
transition-all hover:scale-105 active:scale-95"[39m
              [36m>[39m
                [36m<span[39m
                  [33maria-hidden[39m=[32m"true"[39m
                [36m>[39m
                  [0m­ƒÆ¥[0m
                [36m</span>[39m
                [0mGUARDAR CAMBIOS[0m
              [36m</button>[39m
            [36m</div>[39m
          [36m</div>[39m
          [36m<div[39m
            [33mclass[39m=[32m"grid grid-cols-1 md:grid-cols-2 lg:grid-cols-3 
gap-4"[39m
          [36m>[39m
            [36m<div[39m
              [33mclass[39m=[32m"glass-card rounded-xl p-3 border relative 
overflow-hidden group/w transition-all duration-500 flex flex-col border-white/5 
bg-slate-900/40"[39m
              [33mid[39m=[32m"week-card-0"[39m
            [36m>[39m
              [36m<div[39m
                [33mclass[39m=[32m"flex justify-between items-start mb-2"[39m
              [36m>[39m
                [36m<span[39m
                  [33mclass[39m=[32m"text-[8px] font-black uppercase tracking-widest 
text-slate-500"[39m
                [36m>[39m
                  [0mSEM [0m
                  [0m1[0m
                [36m</span>[39m
                [36m<span[39m
                  [33mclass[39m=[32m"text-[7px] font-bold tabular-nums uppercase 
text-cyan-500/60"[39m
                [36m>[39m
                  [0m29 dic - 04 ene[0m
                [36m</span>[39m
              [36m</div>[39m
              [36m<div[39m
                [33mclass[39m=[32m"grid grid-cols-2 gap-2 mb-3"[39m
              [36m>[39m
                [36m<div[39m
                  [33mclass[39m=[32m"space-y-1"[39m
                [36m>[39m
                  [36m<label[39m
                    [33mclass[39m=[32m"block text-[7px] font-black text-cyan-500/40 
uppercase"[39m
                    [33mfor[39m=[32m"w-goal-0"[39m
                  [36m>[39m
                    [0mMeta[0m
                  [36m</label>[39m
                  [36m<input[39m
                    [33maria-label[39m=[32m"Meta para la semana 1"[39m
                    [33mclass[39m=[32m"w-full bg-slate-950/50 border border-white/5 
rounded-lg p-1.5 text-white text-[10px] font-black text-center focus:ring-1 
focus:ring-cyan-500/50 outline-none transition-all tabular-nums false"[39m
                    [33mid[39m=[32m"w-goal-0"[39m
                    [33minputmode[39m=[32m"decimal"[39m
                    [33mplaceholder[39m=[32m"0"[39m
                    [33mtype[39m=[32m"text"[39m
                    [33mvalue[39m=[32m"0"[39m
                  [36m/>[39m
                [36m</div>[39m
                [36m<div[39m
                  [33mclass[39m=[32m"space-y-1"[39m
                [36m>[39m
                  [36m<label[39m
                    [33mclass[39m=[32m"block text-[7px] font-black text-emerald-500/40 
uppercase"[39m
                    [33mfor[39m=[32m"w-actual-0"[39m
                  [36m>[39m
                    [0mReal[0m
                  [36m</label>[39m
                  [36m<input[39m
                    [33maria-label[39m=[32m"Realizado para la semana 1"[39m
                    [33mclass[39m=[32m"w-full bg-slate-950/50 border border-white/5 
rounded-lg p-1.5 text-white text-[10px] font-black text-center focus:ring-1 
focus:ring-emerald-500/50 outline-none transition-all tabular-nums false"[39m
                    [33mid[39m=[32m"w-actual-0"[39m
                    [33minputmode[39m=[32m"decimal"[39m
                    [33mplaceholder[39m=[32m"0"[39m
                    [33mtype[39m=[32m"text"[39m
                    [33mvalue[39m=[32m"0"[39m
                  [36m/>[39m
                [36m</div>[39m
              [36m</div>[39m
              [36m<div[39m
                [33mclass[39m=[32m"mt-auto pt-2 border-t border-white/5"[39m
              [36m>[39m
                [36m<textarea[39m
                  [33maria-label[39m=[32m"An├ílisis o nota para la semana 1"[39m
                  [33mclass[39m=[32m"w-full bg-slate-950/30 border border-white/5 
rounded-lg p-1.5 text-slate-400 text-[10px] min-h-[40px] focus:ring-1 
focus:ring-slate-500 outline-none transition-all resize-none italic"[39m
                  [33mplaceholder[39m=[32m"An├ílisis semanal..."[39m
                [36m/>[39m
              [36m</div>[39m
            [36m</div>[39m
            [36m<div[39m
              [33mclass[39m=[32m"glass-card rounded-xl p-3 border relative 
overflow-hidden group/w transition-all duration-500 flex flex-col border-white/5 
bg-slate-900/40"[39m
              [33mid[39m=[32m"week-card-1"[39m
            [36m>[39m
              [36m<div[39m
                [33mclass[39m=[32m"flex justify-between items-start mb-2"[39m
              [36m>[39m
                [36m<span[39m
                  [33mclass[39m=[32m"text-[8px] font-black uppercase tracking-widest 
text-slate-500"[39m
                [36m>[39m
                  [0mSEM [0m
                  [0m2[0m
                [36m</span>[39m
                [36m<span[39m
                  [33mclass[39m=[32m"text-[7px] font-bold tabular-nums uppercase 
text-cyan-500/60"[39m
                [36m>[39m
                  [0m05 ene - 11 ene[0m
                [36m</span>[39m
              [36m</div>[39m
              [36m<div[39m
                [33mclass[39m=[32m"grid grid-cols-2 gap-2 mb-3"[39m
              [36m>[39m
                [36m<div[39m
                  ...

    [0m [90m 61 |[39m
     [90m 62 |[39m     [90m// Wait for the delay defined in DataEditor (600ms)[39m
    [31m[1m>[22m[39m[90m 63 |[39m     [36mawait[39m waitFor(() [33m=>[39m {
     [90m    |[39m                  [31m[1m^[22m[39m
     [90m 64 |[39m       [90m// Since we can't easily test the actual scroll position 
in JSDOM, [39m
     [90m 65 |[39m       [90m// we at least verify the component didn't crash and the 
flow executed.[39m
     [90m 66 |[39m       expect(screen[33m.[39mgetByText([35m/W10/i[39m))[33m.[39m
toBeInTheDocument()[33m;[39m[0m

      at waitForWrapper (node_modules/@testing-library/dom/dist/wait-for.js:163:27)
      at Object.<anonymous> (components/DataEditor.test.tsx:63:18)

Test Suites: 1 failed, 1 total
Tests:       2 failed, 1 passed, 3 total
Snapshots:   0 total
Time:        7.918 s
Ran all test suites matching /components\\DataEditor.test.tsx/i.
